0,0.0021219253540039062,1602525052.2638037
0.0001621549999981653,0.0021219253540039062,1602525052.2641392
0.0003393320002942346,0.0021219253540039062,1602525052.264243
0.0004410370002005948,0.0021219253540039062,1602525052.2643328
0.0005302159997881972,0.0021219253540039062,1602525052.2644181
0.0006156030003694468,0.0021219253540039062,1602525052.2645118
0.0007091850002325373,0.0021219253540039062,1602525052.2645967
0.0007940380000945879,0.0021219253540039062,1602525052.2646806
0.0008776590002526063,0.0021219253540039062,1602525052.2647638
0.0009614340006010025,0.0021219253540039062,1602525052.2648478
0.0010451739999552956,0.0021219253540039062,1602525052.264931
0.0011281560000497848,0.0021219253540039062,1602525052.2650237
0.0012211610001031659,0.0021219253540039062,1602525052.265109
0.0013061310000921367,0.0021219253540039062,1602525052.2651932
0.0013902290002079098,0.0021219253540039062,1602525052.265277
0.0014740110000275308,0.0021219253540039062,1602525052.26536
0.0015571980002277996,0.0021219253540039062,1602525052.2654428
0.001640057000258821,0.0021219253540039062,1602525052.2655344
0.0017319300004601246,0.0021219253540039062,1602525052.265619
0.0018161710004278575,0.0021219253540039062,1602525052.2657013
0.00189870600024733,0.0021219253540039062,1602525052.2657843
0.0019814289998976164,0.0021219253540039062,1602525052.2659016
0.002099463999911677,0.0021219253540039062,1602525052.265996
0.002193439000620856,0.0021219253540039062,1602525052.2660813
0.0022785420005675405,0.0021219253540039062,1602525052.2661655
0.0023626140000487794,0.0021219253540039062,1602525052.2662492
0.0024466270006087143,0.0021219253540039062,1602525052.2663336
0.0025310360006187693,0.0021219253540039062,1602525052.2664216
0.0026187220000792877,0.0021219253540039062,1602525052.266531
0.0027285430005576927,0.0021219253540039062,1602525052.2666173
0.002814702999785368,0.0021219253540039062,1602525052.266702
0.0028991340004722588,0.0021219253540039062,1602525052.266785
0.002982187999805319,0.0021219253540039062,1602525052.266868
0.003065253000386292,0.0021219253540039062,1602525052.2669508
0.0031481089999942924,0.0021219253540039062,1602525052.2670338
0.0032310510005117976,0.0021219253540039062,1602525052.2671165
0.003313764000267838,0.0021219253540039062,1602525052.2671995
0.0033966210003200104,0.0021219253540039062,1602525052.2672822
0.003479192000668263,0.0021219253540039062,1602525052.2673645
0.0035616530003608204,0.0021219253540039062,1602525052.2674472
0.0036443270000745542,0.0021219253540039062,1602525052.2675378
0.0037353510006141732,0.0021219253540039062,1602525052.267622
0.0038190929999473155,0.0021219253540039062,1602525052.2677047
0.0039018670004224987,0.0021219253540039062,1602525052.2677877
0.003984734000368917,0.0021219253540039062,1602525052.26787
0.00406701400061138,0.0021219253540039062,1602525052.2679527
0.004149715000494325,0.0021219253540039062,1602525052.2680352
0.004232152999975369,0.0021219253540039062,1602525052.2681174
0.004314593999879435,0.0021219253540039062,1602525052.2682068
0.004404213999805506,0.0021219253540039062,1602525052.2682908
0.004487743000026967,0.0021219253540039062,1602525052.2683744
0.004571524000311911,0.0021219253540039062,1602525052.2684615
0.0046586939997723675,0.0021219253540039062,1602525052.268551
0.004748442000163777,0.0021219253540039062,1602525052.2686343
0.004831365999962145,0.0021219253540039062,1602525052.2687168
0.004913923000458453,0.0021219253540039062,1602525052.2687993
0.004996249000214448,0.0021219253540039062,1602525052.2688816
0.0050787350000973674,0.0021219253540039062,1602525052.268964
0.005161191000297549,0.0021219253540039062,1602525052.2690463
0.0052436730002227705,0.0021219253540039062,1602525052.2691293
0.0053262139999787905,0.0021219253540039062,1602525052.2692113
0.005408560999967449,0.0021219253540039062,1602525052.2692935
0.005490661999829172,0.0021219253540039062,1602525052.2693763
0.005573368000113987,0.0021219253540039062,1602525052.269459
0.00565624899991235,0.0021219253540039062,1602525052.2695487
0.005745598999965296,0.0021219253540039062,1602525052.2696319
0.0058286110006520175,0.0021219253540039062,1602525052.269714
0.005911080000259972,0.0021219253540039062,1602525052.2697966
0.005993689000206359,0.0021219253540039062,1602525052.2698948
0.006092395999985456,0.0021219253540039062,1602525052.2699828
0.0061800350003977655,0.0021219253540039062,1602525052.2700763
0.006273527999837825,0.0021219253540039062,1602525052.2701602
0.006357193999974697,0.0021219253540039062,1602525052.2702472
0.006444948000535078,0.0021219253540039062,1602525052.270332
0.00652927700048167,0.0021219253540039062,1602525052.2704148
0.006611986000280012,0.0021219253540039062,1602525052.2705023
0.006699634000142396,0.0021219253540039062,1602525052.2705858
0.006782798000131152,0.0021219253540039062,1602525052.2706683
0.006865344000289042,0.0021219253540039062,1602525052.2707508
0.006947632999981579,0.0021219253540039062,1602525052.2708328
0.007029860999864468,0.0021219253540039062,1602525052.2709153
0.007112324000445369,0.0021219253540039062,1602525052.270998
0.007194947999778378,0.0021219253540039062,1602525052.2710805
0.0072774410000420175,0.0021219253540039062,1602525052.2711625
0.007359485000051791,0.0021219253540039062,1602525052.2712445
0.007441501999892353,0.0021219253540039062,1602525052.2713265
0.007523342000240518,0.0021219253540039062,1602525052.2714117
0.007608662000166078,0.0021219253540039062,1602525052.2715003
0.007697509000536229,0.0021219253540039062,1602525052.2715838
0.007780837000609608,0.0021219253540039062,1602525052.2716665
0.007863497000471398,0.0021219253540039062,1602525052.2717488
0.007946167000227433,0.0021219253540039062,1602525052.2718313
0.008028246000321815,0.0021219253540039062,1602525052.2719133
0.008110472000225855,0.0021219253540039062,1602525052.2719955
0.008192817999770341,0.0021219253540039062,1602525052.272078
0.008275238999885914,0.0021219253540039062,1602525052.2721603
0.008357237000382156,0.0021219253540039062,1602525052.2722428
0.008439639999778592,0.0021219253540039062,1602525052.2723246
0.008521564000147919,0.0021219253540039062,1602525052.2724066
0.008603444000073068,0.0021219253540039062,1602525052.2724936
0.008690813000612252,0.0021219253540039062,1602525052.2725787
0.00877575300000899,0.0021219253540039062,1602525052.2726626
0.008859583999765164,0.0021219253540039062,1602525052.2727456
0.008942801000557665,0.0021219253540039062,1602525052.2728286
0.009025852999911876,0.0021219253540039062,1602525052.272912
0.009109071000239055,0.0021219253540039062,1602525052.2729971
0.009194129000206885,0.0021219253540039062,1602525052.2730803
0.009277633000237984,0.0021219253540039062,1602525052.2731636
0.009360406999803672,0.0021219253540039062,1602525052.273246
0.009442821999982698,0.0021219253540039062,1602525052.2733302
0.00952747100018314,0.0021219253540039062,1602525052.273414
0.009610859000531491,0.0021219253540039062,1602525052.2735057
0.009703194000394433,0.0021219253540039062,1602525052.2735896
0.009786620999875595,0.0021219253540039062,1602525052.2736723
0.009869485999843164,0.0021219253540039062,1602525052.2737546
0.00995163900006446,0.0021219253540039062,1602525052.2738492
0.01004678299977968,0.0021219253540039062,1602525052.2739341
0.010221780999927432,0.0021219253540039062,1602525052.274125
0.010406692000287876,0.0021219253540039062,1602525052.2743037
0.0105824610000127,0.0021219253540039062,1602525052.2744915
0.010769964999781223,0.0021219253540039062,1602525052.27467
0.010937566000393417,0.0021219253540039062,1602525052.2748296
0.011095783000200754,0.0021219253540039062,1602525052.274998
0.011265550000643998,0.0021219253540039062,1602525052.2751603
0.01142629800051509,0.0021219253540039062,1602525052.2753177
0.011583805000555003,0.0021219253540039062,1602525052.2754748
0.011752633000469359,0.0021219253540039062,1602525052.2756457
0.011913017000551918,0.0021219253540039062,1602525052.2758045
0.012070097000105307,0.0021219253540039062,1602525052.2759612
0.01222691900056816,0.0021219253540039062,1602525052.2761178
0.01238488699982554,0.0021219253540039062,1602525052.2762754
0.012541157000669045,0.0021219253540039062,1602525052.2764313
0.012696945000243431,0.0021219253540039062,1602525052.276588
0.01285415100028331,0.0021219253540039062,1602525052.2767448
0.01301106700066157,0.0021219253540039062,1602525052.2769015
0.013167752000299515,0.0021219253540039062,1602525052.2770581
0.013323963000402728,0.0021219253540039062,1602525052.2772138
0.013480248000632855,0.0021219253540039062,1602525052.2773705
0.013635987000270688,0.0021219253540039062,1602525052.2775304
0.013796193000416679,0.0021219253540039062,1602525052.277687
0.013953245000266179,0.0021219253540039062,1602525052.277859
0.014125916000011784,0.0021219253540039062,1602525052.2780173
0.014283358999819029,0.0021219253540039062,1602525052.2781732
0.014439866000429902,0.0021219253540039062,1602525052.2783296
0.014595589999771619,0.0021219253540039062,1602525052.278499
0.014764985000510933,0.0021219253540039062,1602525052.2786558
0.014921512000000803,0.0021219253540039062,1602525052.2788122
0.015077871000357845,0.0021219253540039062,1602525052.2789688
0.015234821999911219,0.0021219253540039062,1602525052.2791271
0.015393100999972376,0.0021219253540039062,1602525052.2792845
0.0155505800003084,0.0021219253540039062,1602525052.2794428
0.01570867500049644,0.0021219253540039062,1602525052.2796009
0.015867042000536458,0.0021219253540039062,1602525052.2797594
0.01602536400059762,0.0021219253540039062,1602525052.2799218
0.016195025000342866,0.0021219253540039062,1602525052.2800899
0.01635611500023515,0.0021219253540039062,1602525052.2802482
0.016514755000571313,0.0021219253540039062,1602525052.2804065
0.016674948999934713,0.0021219253540039062,1602525052.280566
0.016832350000186125,0.0021219253540039062,1602525052.2807236
0.01698889700037398,0.0021219253540039062,1602525052.2808793
0.017145122000329138,0.0021219253540039062,1602525052.2810373
0.017303462000199943,0.0021219253540039062,1602525052.281194
0.01746021400049358,0.0021219253540039062,1602525052.2813504
0.017616412000279524,0.0021219253540039062,1602525052.2815104
0.017776730000150565,0.0021219253540039062,1602525052.2816675
0.017933490999894275,0.0021219253540039062,1602525052.2818346
0.018099914999766042,0.0021219253540039062,1602525052.2819912
0.018257169000207796,0.0021219253540039062,1602525052.282147
0.0184124810002686,0.0021219253540039062,1602525052.2823036
0.018570182000075874,0.0021219253540039062,1602525052.2824605
0.018726111999967543,0.0021219253540039062,1602525052.2826161
0.018881826999859186,0.0021219253540039062,1602525052.282772
0.019038059000195062,0.0021219253540039062,1602525052.2829323
0.01919807300055254,0.0021219253540039062,1602525052.2830894
0.019356820000211883,0.0021219253540039062,1602525052.2832477
0.019513738000568992,0.0021219253540039062,1602525052.2834036
0.019669037999847205,0.0021219253540039062,1602525052.2835624
0.019828417000098852,0.0021219253540039062,1602525052.2837179
0.019983469000180776,0.0021219253540039062,1602525052.283873
0.02013907200034737,0.0021219253540039062,1602525052.2840302
0.020296104999943054,0.0021219253540039062,1602525052.2841861
0.020451430999855802,0.0021219253540039062,1602525052.2843413
0.0206090760002553,0.0021219253540039062,1602525052.2845054
0.0207711040002323,0.0021219253540039062,1602525052.2846625
0.020928079999976035,0.0021219253540039062,1602525052.2848184
0.021084331000565726,0.0021219253540039062,1602525052.2849743
0.021268122000037692,0.0021219253540039062,1602525052.2851782
0.021446738000122423,0.0021219253540039062,1602525052.28534
0.021606099000564427,0.0021219253540039062,1602525052.28551
0.02177674799986562,0.0021219253540039062,1602525052.28567
0.021936431000540324,0.0021219253540039062,1602525052.28585
0.022116242999800306,0.0021219253540039062,1602525052.2860093
0.022277161000602064,0.0021219253540039062,1602525052.2861686
0.02243455999996513,0.0021219253540039062,1602525052.2863255
0.022591560000364552,0.0021219253540039062,1602525052.2864873
0.022754233000341628,0.0021219253540039062,1602525052.2866538
0.0229207040001711,0.0021219253540039062,1602525052.286813
0.02307894400018995,0.0021219253540039062,1602525052.2869709
0.023236769000504864,0.0021219253540039062,1602525052.2871406
0.023407566000059887,0.0021219253540039062,1602525052.2873
0.023566097000184527,0.0021219253540039062,1602525052.2874584
0.023724114000287955,0.0021219253540039062,1602525052.2876165
0.023882544000116468,0.0021219253540039062,1602525052.2877746
0.024040557999796874,0.0021219253540039062,1602525052.287931
0.024196862999815494,0.0021219253540039062,1602525052.2880874
0.024352954999812937,0.0021219253540039062,1602525052.288243
0.024508372000127565,0.0021219253540039062,1602525052.2883978
0.02466367600027297,0.0021219253540039062,1602525052.2885585
0.024825049999890325,0.0021219253540039062,1602525052.2887151
0.02498074200047995,0.0021219253540039062,1602525052.2888703
0.025137308000012126,0.0021219253540039062,1602525052.2890267
0.025292862000242167,0.0021219253540039062,1602525052.2891822
0.0254479490004087,0.0021219253540039062,1602525052.2893374
0.025603508000131114,0.0021219253540039062,1602525052.2894971
0.025762891999875137,0.0021219253540039062,1602525052.289653
0.025919433000126446,0.0021219253540039062,1602525052.2898195
0.02608477200010384,0.0021219253540039062,1602525052.2899826
0.026249975000609993,0.0021219253540039062,1602525052.290143
0.02640888200039626,0.0021219253540039062,1602525052.2902985
0.02656428499994945,0.0021219253540039062,1602525052.290454
0.026719862000391004,0.0021219253540039062,1602525052.2906096
0.026875588000621065,0.0021219253540039062,1602525052.2907696
0.027035570999942138,0.0021219253540039062,1602525052.2909303
0.027197119999982533,0.0021219253540039062,1602525052.2910883
0.027354116999958933,0.0021219253540039062,1602525052.291245
0.027510763999998744,0.0021219253540039062,1602525052.2914007
0.02766635599982692,0.0021219253540039062,1602525052.2915602
0.027826414000628574,0.0021219253540039062,1602525052.2917163
0.027982078000604815,0.0021219253540039062,1602525052.2918715
0.028137506000348367,0.0021219253540039062,1602525052.2920277
0.02829370600011316,0.0021219253540039062,1602525052.2921839
0.028449469999941357,0.0021219253540039062,1602525052.2923408
0.028606556000340788,0.0021219253540039062,1602525052.2925017
0.028768219000085082,0.0021219253540039062,1602525052.2926598
0.028926510000019334,0.0021219253540039062,1602525052.2928174
0.029083946000355354,0.0021219253540039062,1602525052.2929795
0.029245514000649564,0.0021219253540039062,1602525052.293137
0.029403115000604885,0.0021219253540039062,1602525052.2932982
0.029564448000201082,0.0021219253540039062,1602525052.2934558
0.029721789000177523,0.0021219253540039062,1602525052.293613
0.029879395000534714,0.0021219253540039062,1602525052.29377
0.030024499000319338,0.0021219253540039062,1602525052.2939177
0.030183867000232567,0.0021219253540039062,1602525052.2940753
0.030340695000631968,0.0021219253540039062,1602525052.2942317
0.030497892000312277,0.0021219253540039062,1602525052.2943883
0.03065369100022508,0.0021219253540039062,1602525052.2945478
0.0308133460002864,0.0021219253540039062,1602525052.2947028
0.030968707000283757,0.0021219253540039062,1602525052.2948582
0.031128665000323963,0.0021219253540039062,1602525052.2950337
0.03130069100006949,0.0021219253540039062,1602525052.2951944
0.03146013100013079,0.0021219253540039062,1602525052.2953525
0.0316183920003823,0.0021219253540039062,1602525052.295516
0.031781825000507524,0.0021219253540039062,1602525052.2956734
0.03194021099989186,0.0021219253540039062,1602525052.2958305
0.03209763399991061,0.0021219253540039062,1602525052.2959874
0.03225364300033107,0.0021219253540039062,1602525052.2961433
0.032408934000159206,0.0021219253540039062,1602525052.2962987
0.03256435999992391,0.0021219253540039062,1602525052.296454
0.03271981800025969,0.0021219253540039062,1602525052.29661
0.03287575400008791,0.0021219253540039062,1602525052.296765
0.03303118900021218,0.0021219253540039062,1602525052.2969291
0.033196115999999165,0.0021219253540039062,1602525052.297087
0.033352938999996695,0.0021219253540039062,1602525052.297251
0.03351762000056624,0.0021219253540039062,1602525052.2974088
0.03367876799984515,0.0021219253540039062,1602525052.2975688
0.03383495199977915,0.0021219253540039062,1602525052.2977278
0.033994320000601874,0.0021219253540039062,1602525052.2978966
0.034163883000474016,0.0021219253540039062,1602525052.298054
0.03431978600019647,0.0021219253540039062,1602525052.2982094
0.03447543600032077,0.0021219253540039062,1602525052.298365
0.03463150400057202,0.0021219253540039062,1602525052.2985258
0.034792016000210424,0.0021219253540039062,1602525052.298682
0.03494751600010204,0.0021219253540039062,1602525052.2988424
0.03510929000003671,0.0021219253540039062,1602525052.2990005
0.03526619500007655,0.0021219253540039062,1602525052.299158
0.03542363900032797,0.0021219253540039062,1602525052.299314
0.03557967699998699,0.0021219253540039062,1602525052.2994702
0.0357356680005978,0.0021219253540039062,1602525052.2996268
0.035892633000003116,0.0021219253540039062,1602525052.2997842
0.03605007500027568,0.0021219253540039062,1602525052.2999444
0.03628746600043087,0.0021219253540039062,1602525052.3001976
0.036465682000198285,0.0021219253540039062,1602525052.3003588
0.03662455799985764,0.0021219253540039062,1602525052.3005273
0.0367932090002796,0.0021219253540039062,1602525052.3006897
0.03695579600025667,0.0021219253540039062,1602525052.300847
0.03711268999995809,0.0021219253540039062,1602525052.3010151
0.03728244600006292,0.0021219253540039062,1602525052.301173
0.03743939100058924,0.0021219253540039062,1602525052.3013294
0.03759516599984636,0.0021219253540039062,1602525052.3014905
0.03775652700005594,0.0021219253540039062,1602525052.3016474
0.03791343300053995,0.0021219253540039062,1602525052.301803
0.03806843199981813,0.0021219253540039062,1602525052.3019605
0.03822691900040809,0.0021219253540039062,1602525052.3021173
0.038383168000109436,0.0021219253540039062,1602525052.3022754
0.03854198600038217,0.0021219253540039062,1602525052.302432
0.038697506000062276,0.0021219253540039062,1602525052.3025877
0.03885340600027121,0.0021219253540039062,1602525052.3027427
0.03900872400026856,0.0021219253540039062,1602525052.3028984
0.039164021000033244,0.0021219253540039062,1602525052.3030534
0.03931918400030554,0.0021219253540039062,1602525052.3032098
0.039475669999774254,0.0021219253540039062,1602525052.3033679
0.03963407199989888,0.0021219253540039062,1602525052.3035297
0.03979590900053154,0.0021219253540039062,1602525052.3036876
0.039953595000042696,0.0021219253540039062,1602525052.3038442
0.04011008399993443,0.0021219253540039062,1602525052.3039997
0.04026519000035478,0.0021219253540039062,1602525052.304155
0.04042198300066957,0.0021219253540039062,1602525052.3043118
0.040577515000222775,0.0021219253540039062,1602525052.3044672
0.04073270400022011,0.0021219253540039062,1602525052.3046234
0.04088926700023876,0.0021219253540039062,1602525052.304779
0.04104496400032076,0.0021219253540039062,1602525052.3049395
0.04128757600028621,0.0021219253540039062,1602525052.3051927
0.04146060299990495,0.0021219253540039062,1602525052.305353
0.04161865100013529,0.0021219253540039062,1602525052.3055198
0.04178614100055711,0.0021219253540039062,1602525052.305678
0.04194431300038559,0.0021219253540039062,1602525052.305847
0.04211313300038455,0.0021219253540039062,1602525052.3060052
0.042271414999959234,0.0021219253540039062,1602525052.3061626
0.042429097999956866,0.0021219253540039062,1602525052.3063197
0.04258583000046201,0.0021219253540039062,1602525052.3064764
0.04274612700010039,0.0021219253540039062,1602525052.3066373
0.042903250000563276,0.0021219253540039062,1602525052.3067975
0.043063854000138235,0.0021219253540039062,1602525052.3069592
0.04322515400053817,0.0021219253540039062,1602525052.3071167
0.04338372500023979,0.0021219253540039062,1602525052.3072743
0.043540143000427634,0.0021219253540039062,1602525052.3074298
0.04369592800048849,0.0021219253540039062,1602525052.3075867
0.043852161999893724,0.0021219253540039062,1602525052.307742
0.044007712000166066,0.0021219253540039062,1602525052.3078976
0.04416374599986739,0.0021219253540039062,1602525052.308053
0.04431868900064728,0.0021219253540039062,1602525052.3082082
0.0444741340006658,0.0021219253540039062,1602525052.3083644
0.044630242000494036,0.0021219253540039062,1602525052.308525
0.04479090000040742,0.0021219253540039062,1602525052.3086812
0.0449467469998126,0.0021219253540039062,1602525052.3088365
0.045102580999810016,0.0021219253540039062,1602525052.308992
0.0452581449999343,0.0021219253540039062,1602525052.3091476
0.04541404000065086,0.0021219253540039062,1602525052.309304
0.045570230000521406,0.0021219253540039062,1602525052.3094602
0.04572635300064576,0.0021219253540039062,1602525052.3096163
0.04588228300053743,0.0021219253540039062,1602525052.309772
0.046019666000574944,0.0021219253540039062,1602525052.3099117
0.04617809600040346,0.0021219253540039062,1602525052.310077
0.046344234000571305,0.0021219253540039062,1602525052.3102345
0.046500557999934244,0.0021219253540039062,1602525052.3103902
0.04665626699988934,0.0021219253540039062,1602525052.3105502
0.0468158889998449,0.0021219253540039062,1602525052.3107064
0.04697222400045575,0.0021219253540039062,1602525052.310862
0.04712817800009361,0.0021219253540039062,1602525052.3110178
0.04728374099977373,0.0021219253540039062,1602525052.3111744
0.047441208999771334,0.0021219253540039062,1602525052.3113337
0.04759956500038243,0.0021219253540039062,1602525052.311495
0.04776091300027474,0.0021219253540039062,1602525052.3116524
0.04791844800001854,0.0021219253540039062,1602525052.3118088
0.048074351000650495,0.0021219253540039062,1602525052.3119643
0.048230266999780724,0.0021219253540039062,1602525052.31212
0.04838575900066644,0.0021219253540039062,1602525052.312276
0.04854152900043118,0.0021219253540039062,1602525052.312432
0.048698430000513326,0.0021219253540039062,1602525052.31259
0.0488559189998341,0.0021219253540039062,1602525052.3127582
0.04902489800042531,0.0021219253540039062,1602525052.3129156
0.04918132400052855,0.0021219253540039062,1602525052.3130717
0.04933753500063176,0.0021219253540039062,1602525052.313228
0.0494946210001217,0.0021219253540039062,1602525052.3133893
0.049655677000373544,0.0021219253540039062,1602525052.3135514
0.04981799600045633,0.0021219253540039062,1602525052.3137088
0.04997473999992508,0.0021219253540039062,1602525052.3138745
0.05014041200047359,0.0021219253540039062,1602525052.3140306
0.05029631800061907,0.0021219253540039062,1602525052.3141863
0.05045204399993963,0.0021219253540039062,1602525052.3143418
0.05060847799995827,0.0021219253540039062,1602525052.314503
0.050775982000232034,0.0021219253540039062,1602525052.3146658
0.05093163099991216,0.0021219253540039062,1602525052.3148253
0.05109160600022733,0.0021219253540039062,1602525052.3149824
0.05125036600020394,0.0021219253540039062,1602525052.3151426
0.051408416000413126,0.0021219253540039062,1602525052.3152983
0.05156403999990289,0.0021219253540039062,1602525052.3154542
0.05171999800040794,0.0021219253540039062,1602525052.3156104
0.0518772519999402,0.0021219253540039062,1602525052.315767
0.05203298200012796,0.0021219253540039062,1602525052.3159227
0.052188346000548336,0.0021219253540039062,1602525052.3160782
0.05234431500048231,0.0021219253540039062,1602525052.3162346
0.05250003899982403,0.0021219253540039062,1602525052.3163896
0.05265587200028676,0.0021219253540039062,1602525052.3165493
0.052815234000263445,0.0021219253540039062,1602525052.3167057
0.05297140099992248,0.0021219253540039062,1602525052.3168607
0.0531288410002162,0.0021219253540039062,1602525052.3170185
0.053284749000340526,0.0021219253540039062,1602525052.3171744
0.05344083799991495,0.0021219253540039062,1602525052.3173313
0.053596804999870074,0.0021219253540039062,1602525052.3174913
0.05375738000020647,0.0021219253540039062,1602525052.317648
0.05391530100041564,0.0021219253540039062,1602525052.3178048
0.0540882760005843,0.0021219253540039062,1602525052.31798
0.054245748000539606,0.0021219253540039062,1602525052.3181355
0.0544012020000082,0.0021219253540039062,1602525052.3182912
0.054557133999878715,0.0021219253540039062,1602525052.3184469
0.05471212300017214,0.0021219253540039062,1602525052.3186026
0.05486822700004268,0.0021219253540039062,1602525052.3187575
0.05502350799997657,0.0021219253540039062,1602525052.3189132
0.0551791920006508,0.0021219253540039062,1602525052.3190694
0.055335246000140614,0.0021219253540039062,1602525052.3192272
0.05549334199986333,0.0021219253540039062,1602525052.319385
0.0556509920006647,0.0021219253540039062,1602525052.3195462
0.05581189500026085,0.0021219253540039062,1602525052.3197029
0.05596951000006811,0.0021219253540039062,1602525052.3198602
0.05612604900034057,0.0021219253540039062,1602525052.3200288
0.0562962880003397,0.0021219253540039062,1602525052.3201888
0.0564542669999355,0.0021219253540039062,1602525052.3203442
0.05660999000065203,0.0021219253540039062,1602525052.320505
0.05677059299978282,0.0021219253540039062,1602525052.320661
0.056926402000499365,0.0021219253540039062,1602525052.320816
0.057082989000264206,0.0021219253540039062,1602525052.3209841
0.05724992200066481,0.0021219253540039062,1602525052.3211405
0.05740600199987966,0.0021219253540039062,1602525052.3212955
0.05756084800032113,0.0021219253540039062,1602525052.32145
0.05771550300050876,0.0021219253540039062,1602525052.3216052
0.05787117700037925,0.0021219253540039062,1602525052.3217604
0.05801380200045969,0.0021219253540039062,1602525052.321904
0.058170211000287964,0.0021219253540039062,1602525052.3220603
0.058326817999841296,0.0021219253540039062,1602525052.322216
0.05848135599990201,0.0021219253540039062,1602525052.3223708
0.05863634500019543,0.0021219253540039062,1602525052.3225303
0.05879691500012996,0.0021219253540039062,1602525052.322691
0.05895714500002214,0.0021219253540039062,1602525052.3228478
0.05911369099976582,0.0021219253540039062,1602525052.3230035
0.05926951800029201,0.0021219253540039062,1602525052.3231595
0.059425716000077955,0.0021219253540039062,1602525052.323315
0.05958070900032908,0.0021219253540039062,1602525052.3234706
0.059736420000263024,0.0021219253540039062,1602525052.3236268
0.05989241299994319,0.0021219253540039062,1602525052.3237822
0.06004779700015206,0.0021219253540039062,1602525052.3239372
0.0602038420001918,0.0021219253540039062,1602525052.3240945
0.060360348999893176,0.0021219253540039062,1602525052.3242507
0.06051677000050404,0.0021219253540039062,1602525052.3244064
0.06067508300020563,0.0021219253540039062,1602525052.3245652
0.060832068000308936,0.0021219253540039062,1602525052.3247223
0.06098839300011605,0.0021219253540039062,1602525052.3248816
0.0611479210001562,0.0021219253540039062,1602525052.3250458
0.061312139000619936,0.0021219253540039062,1602525052.3252032
0.06146917700061749,0.0021219253540039062,1602525052.3253593
0.0616252429999804,0.0021219253540039062,1602525052.3255198
0.06178652600010537,0.0021219253540039062,1602525052.3256779
0.0619442719998915,0.0021219253540039062,1602525052.3258526
0.062118679999912274,0.0021219253540039062,1602525052.3260112
0.062277009000354155,0.0021219253540039062,1602525052.3261673
0.06243307700060541,0.0021219253540039062,1602525052.3263233
0.06258916500064515,0.0021219253540039062,1602525052.3264844
0.0627503740006432,0.0021219253540039062,1602525052.3266459
0.06291166200026055,0.0021219253540039062,1602525052.326803
0.06306855599996197,0.0021219253540039062,1602525052.3269596
0.0632261370001288,0.0021219253540039062,1602525052.3271189
0.06338489500012656,0.0021219253540039062,1602525052.3272765
0.0635425620002934,0.0021219253540039062,1602525052.3274355
0.06370161900031235,0.0021219253540039062,1602525052.3275926
0.06385855700045795,0.0021219253540039062,1602525052.3277485
0.06401438500051881,0.0021219253540039062,1602525052.3279042
0.06416992499998742,0.0021219253540039062,1602525052.32806
0.06432529500034434,0.0021219253540039062,1602525052.3282154
0.06448104900027829,0.0021219253540039062,1602525052.3283706
0.06463644599989493,0.0021219253540039062,1602525052.32853
0.06479625100018893,0.0021219253540039062,1602525052.3286858
0.06495133899989014,0.0021219253540039062,1602525052.3288407
0.0651066290001836,0.0021219253540039062,1602525052.3289962
0.0652631040002234,0.0021219253540039062,1602525052.329153
0.06541881600060151,0.0021219253540039062,1602525052.3293083
0.06557390600028157,0.0021219253540039062,1602525052.329463
0.06572881000010966,0.0021219253540039062,1602525052.3296187
0.06588460600050894,0.0021219253540039062,1602525052.3297746
0.06601306500033388,0.0021219253540039062,1602525052.3299038
0.06616975700035255,0.0021219253540039062,1602525052.3300667
0.06633314900045661,0.0021219253540039062,1602525052.3302236
0.06648896099977719,0.0021219253540039062,1602525052.3303783
0.06664385000021866,0.0021219253540039062,1602525052.3305573
0.06682409299992287,0.0021219253540039062,1602525052.3307173
0.06698332199994184,0.0021219253540039062,1602525052.330892
0.06715796400021645,0.0021219253540039062,1602525052.3310494
0.06731526700059476,0.0021219253540039062,1602525052.3312051
0.06747125600031723,0.0021219253540039062,1602525052.331361
0.06762686799993389,0.0021219253540039062,1602525052.331521
0.06778666199988947,0.0021219253540039062,1602525052.331677
0.06794265700045798,0.0021219253540039062,1602525052.3318324
0.06809875100043428,0.0021219253540039062,1602525052.3319883
0.06825383500017779,0.0021219253540039062,1602525052.3321438
0.06840970600023866,0.0021219253540039062,1602525052.3323002
0.06856620500002464,0.0021219253540039062,1602525052.332457
0.06872260999989521,0.0021219253540039062,1602525052.3326142
0.06887997100056964,0.0021219253540039062,1602525052.3327703
0.06903616100044019,0.0021219253540039062,1602525052.3329263
0.06919191799988766,0.0021219253540039062,1602525052.3330824
0.06934802500018122,0.0021219253540039062,1602525052.3332417
0.06950745199992525,0.0021219253540039062,1602525052.333398
0.06966448399998626,0.0021219253540039062,1602525052.3335593
0.06982551100009005,0.0021219253540039062,1602525052.3337162
0.06998256400038372,0.0021219253540039062,1602525052.3338907
0.07015647200023523,0.0021219253540039062,1602525052.3340466
0.07031209300021146,0.0021219253540039062,1602525052.3342016
0.07046715300020878,0.0021219253540039062,1602525052.3343568
0.07062253399999463,0.0021219253540039062,1602525052.3345168
0.07078235500011942,0.0021219253540039062,1602525052.3346722
0.07093806700049754,0.0021219253540039062,1602525052.3348277
0.07109329500053718,0.0021219253540039062,1602525052.3349843
0.07125149000057718,0.0021219253540039062,1602525052.3351445
0.0714100610002788,0.0021219253540039062,1602525052.3353014
0.07156702700012829,0.0021219253540039062,1602525052.3354573
0.07172396500027389,0.0021219253540039062,1602525052.3356142
0.07188016800046171,0.0021219253540039062,1602525052.33577
0.07203593400026875,0.0021219253540039062,1602525052.3359253
0.0721908949999488,0.0021219253540039062,1602525052.3360796
0.07234587800030567,0.0021219253540039062,1602525052.336235
0.07250045500040869,0.0021219253540039062,1602525052.3363895
0.07265555000049062,0.0021219253540039062,1602525052.3365483
0.07281437100027688,0.0021219253540039062,1602525052.3367038
0.07296917900021072,0.0021219253540039062,1602525052.3368583
0.07312397100031376,0.0021219253540039062,1602525052.3370135
0.07327907699982461,0.0021219253540039062,1602525052.3371687
0.07343431600020267,0.0021219253540039062,1602525052.3373234
0.07358903300064412,0.0021219253540039062,1602525052.3374827
0.07374945100036712,0.0021219253540039062,1602525052.3376396
0.07390576699981466,0.0021219253540039062,1602525052.3377953
0.07401245800065226,0.0021219253540039062,1602525052.3379028
0.07416886500050168,0.0021219253540039062,1602525052.338058
0.07432382500064705,0.0021219253540039062,1602525052.3382132
0.0744791000006444,0.0021219253540039062,1602525052.3383753
0.07464153000000806,0.0021219253540039062,1602525052.3385363
0.07480280800064065,0.0021219253540039062,1602525052.3386927
0.07495876299981319,0.0021219253540039062,1602525052.3388495
0.07511538200014911,0.0021219253540039062,1602525052.339006
0.07527208200008317,0.0021219253540039062,1602525052.3391633
0.07542908899995382,0.0021219253540039062,1602525052.3393192
0.07558513399999356,0.0021219253540039062,1602525052.3394754
0.07574461900003371,0.0021219253540039062,1602525052.3396354
0.07590204900043318,0.0021219253540039062,1602525052.3397963
0.07606227500036766,0.0021219253540039062,1602525052.3399534
0.07629367800018372,0.0021219253540039062,1602525052.3402028
0.07647081200047978,0.0021219253540039062,1602525052.3403647
0.07663072100058343,0.0021219253540039062,1602525052.340534
0.07680049000009603,0.0021219253540039062,1602525052.3406923
0.07695835899994563,0.0021219253540039062,1602525052.3408494
0.07711509300042962,0.0021219253540039062,1602525052.3410168
0.07728278400009003,0.0021219253540039062,1602525052.3411736
0.07743964300061634,0.0021219253540039062,1602525052.3413305
0.07759602300029655,0.0021219253540039062,1602525052.3414915
0.07775796399982937,0.0021219253540039062,1602525052.341649
0.07791534599982697,0.0021219253540039062,1602525052.3418055
0.07808718100022816,0.0021219253540039062,1602525052.341979
0.07824525300020468,0.0021219253540039062,1602525052.3421364
0.07840295400001196,0.0021219253540039062,1602525052.3422935
0.07855923599981907,0.0021219253540039062,1602525052.3424494
0.07871533700017608,0.0021219253540039062,1602525052.3426063
0.07887214000038512,0.0021219253540039062,1602525052.3427632
0.07902878000004421,0.0021219253540039062,1602525052.3429205
0.07918628700008412,0.0021219253540039062,1602525052.3430774
0.07934303599995474,0.0021219253540039062,1602525052.3432343
0.07950014900052338,0.0021219253540039062,1602525052.3433905
0.07965591799984395,0.0021219253540039062,1602525052.3435497
0.07981542900051863,0.0021219253540039062,1602525052.3437054
0.07997141299983923,0.0021219253540039062,1602525052.3438606
0.08012811500066164,0.0021219253540039062,1602525052.3440175
0.08028319900040515,0.0021219253540039062,1602525052.3441722
0.08043892500063521,0.0021219253540039062,1602525052.344328
0.08059331100048439,0.0021219253540039062,1602525052.3446128
0.08088314599990554,0.0021219253540039062,1602525052.3447871
0.08105302400053915,0.0021219253540039062,1602525052.3449442
0.08128213300005882,0.0021219253540039062,1602525052.3451889
0.081456548999995,0.0021219253540039062,1602525052.3453486
0.08161471899984463,0.0021219253540039062,1602525052.3455179
0.08178526499978034,0.0021219253540039062,1602525052.3456771
0.08194332200037024,0.0021219253540039062,1602525052.3458474
0.08211283200034813,0.0021219253540039062,1602525052.3460057
0.08227200300007098,0.0021219253540039062,1602525052.3461637
0.08242976000019553,0.0021219253540039062,1602525052.3463266
0.08259230400017259,0.0021219253540039062,1602525052.3464873
0.0827529960006359,0.0021219253540039062,1602525052.3466492
0.08291547800035914,0.0021219253540039062,1602525052.3468106
0.0830765179998707,0.0021219253540039062,1602525052.3469677
0.08323349000056623,0.0021219253540039062,1602525052.3471239
0.08338985800037335,0.0021219253540039062,1602525052.3472812
0.08354689600037091,0.0021219253540039062,1602525052.3474371
0.08370307299992419,0.0021219253540039062,1602525052.3475938
0.0838602620005986,0.0021219253540039062,1602525052.3477545
0.08402053800000431,0.0021219253540039062,1602525052.347915
0.0841807520000657,0.0021219253540039062,1602525052.3480709
0.08433669700025348,0.0021219253540039062,1602525052.3482265
0.08449219400063157,0.0021219253540039062,1602525052.3483825
0.08464823499980412,0.0021219253540039062,1602525052.3485425
0.08480854200024623,0.0021219253540039062,1602525052.3486984
0.08496383800047624,0.0021219253540039062,1602525052.3488536
0.08512034800060064,0.0021219253540039062,1602525052.34901
0.0852757130005557,0.0021219253540039062,1602525052.3491647
0.08543101899977046,0.0021219253540039062,1602525052.3493207
0.08558650000031776,0.0021219253540039062,1602525052.349476
0.085746040000231,0.0021219253540039062,1602525052.349636
0.0859021690002919,0.0021219253540039062,1602525052.349792
0.08602169799996773,0.0021219253540039062,1602525052.3499196
0.08618599800047377,0.0021219253540039062,1602525052.3500857
0.08635202100049355,0.0021219253540039062,1602525052.3502421
0.08650785900044866,0.0021219253540039062,1602525052.3503976
0.0866629420006575,0.0021219253540039062,1602525052.3505566
0.08682299000065541,0.0021219253540039062,1602525052.3507125
0.08697858800042013,0.0021219253540039062,1602525052.3508692
0.08713586300018505,0.0021219253540039062,1602525052.3510396
0.08730699599982472,0.0021219253540039062,1602525052.3512018
0.08746792300007655,0.0021219253540039062,1602525052.3513632
0.08762938300060341,0.0021219253540039062,1602525052.3515248
0.08779087600032653,0.0021219253540039062,1602525052.3516815
0.0879476939999222,0.0021219253540039062,1602525052.3518374
0.0881042900000466,0.0021219253540039062,1602525052.351997
0.08826316400063661,0.0021219253540039062,1602525052.3521535
0.08841950399983034,0.0021219253540039062,1602525052.3523097
0.08857584500037774,0.0021219253540039062,1602525052.3524663
0.08873168300033285,0.0021219253540039062,1602525052.352623
0.08888845900037268,0.0021219253540039062,1602525052.3527787
0.08904435200020089,0.0021219253540039062,1602525052.3529344
0.08920067800045217,0.0021219253540039062,1602525052.3530962
0.0893622260000484,0.0021219253540039062,1602525052.3532531
0.08951920500021515,0.0021219253540039062,1602525052.3534138
0.08968075499979022,0.0021219253540039062,1602525052.3535721
0.08983831800014741,0.0021219253540039062,1602525052.3537285
0.08999434799989103,0.0021219253540039062,1602525052.3538954
0.09016187599991099,0.0021219253540039062,1602525052.354055
0.09032060800018371,0.0021219253540039062,1602525052.354211
0.09047726200060424,0.0021219253540039062,1602525052.3543673
0.09063404300013644,0.0021219253540039062,1602525052.354532
0.09079809400009253,0.0021219253540039062,1602525052.3546891
0.09095464199981507,0.0021219253540039062,1602525052.3548443
0.09111035500063736,0.0021219253540039062,1602525052.3550124
0.09127933400031907,0.0021219253540039062,1602525052.3551717
0.09143764200052829,0.0021219253540039062,1602525052.3553271
0.09159427099984896,0.0021219253540039062,1602525052.3554888
0.09175496799980465,0.0021219253540039062,1602525052.3556452
0.09191124500011938,0.0021219253540039062,1602525052.355801
0.0920671260000745,0.0021219253540039062,1602525052.3559573
0.09222301200043148,0.0021219253540039062,1602525052.3561132
0.09237907199985784,0.0021219253540039062,1602525052.3562691
0.09253500500017253,0.0021219253540039062,1602525052.3564253
0.0926907190005295,0.0021219253540039062,1602525052.3565812
0.09284790600031556,0.0021219253540039062,1602525052.3567393
0.09300502600035543,0.0021219253540039062,1602525052.3568952
0.09316153899999335,0.0021219253540039062,1602525052.3570516
0.09331733199996961,0.0021219253540039062,1602525052.3572068
0.09347267400062265,0.0021219253540039062,1602525052.3573625
0.09362826100004895,0.0021219253540039062,1602525052.3575225
0.09378869200008921,0.0021219253540039062,1602525052.3576791
0.09394553899983293,0.0021219253540039062,1602525052.3578517
0.09411746099976881,0.0021219253540039062,1602525052.358009
0.09427482600040094,0.0021219253540039062,1602525052.3581648
0.09443033500065212,0.0021219253540039062,1602525052.3583202
0.09458621700014191,0.0021219253540039062,1602525052.3584757
0.09474578200024553,0.0021219253540039062,1602525052.3586354
0.09490111700051784,0.0021219253540039062,1602525052.358791
0.0950574640000923,0.0021219253540039062,1602525052.358949
0.0952144100001533,0.0021219253540039062,1602525052.359106
0.09537146900038351,0.0021219253540039062,1602525052.3592634
0.09552931800044462,0.0021219253540039062,1602525052.3594203
0.09568627800035756,0.0021219253540039062,1602525052.3595772
0.09584296499997436,0.0021219253540039062,1602525052.359733
0.09599916500064865,0.0021219253540039062,1602525052.3598895
0.09615568200024427,0.0021219253540039062,1602525052.360061
0.09632771900032822,0.0021219253540039062,1602525052.36022
0.09648596500028361,0.0021219253540039062,1602525052.3603766
0.09664245800013305,0.0021219253540039062,1602525052.3605373
0.0968031130005329,0.0021219253540039062,1602525052.360694
0.09696006400008628,0.0021219253540039062,1602525052.3608496
0.09711666900057025,0.0021219253540039062,1602525052.3610198
0.09728593900035776,0.0021219253540039062,1602525052.361176
0.09744191499976296,0.0021219253540039062,1602525052.3613317
0.09759835800014116,0.0021219253540039062,1602525052.3614933
0.0977652310002668,0.0021219253540039062,1602525052.361655
0.09792079399994691,0.0021219253540039062,1602525052.361821
0.09808663700005127,0.0021219253540039062,1602525052.361978
0.09824392200061993,0.0021219253540039062,1602525052.3621337
0.09839959100008855,0.0021219253540039062,1602525052.36229
0.09855540900025517,0.0021219253540039062,1602525052.3624492
0.09871600099995703,0.0021219253540039062,1602525052.362608
0.09887473600065277,0.0021219253540039062,1602525052.3627648
0.09903083600056561,0.0021219253540039062,1602525052.3629215
0.09918727000058425,0.0021219253540039062,1602525052.3630772
0.09934313600024325,0.0021219253540039062,1602525052.3632329
0.09949912499996572,0.0021219253540039062,1602525052.3633888
0.0996544220006399,0.0021219253540039062,1602525052.363549
0.09981538500051101,0.0021219253540039062,1602525052.3637059
0.09997219700017013,0.0021219253540039062,1602525052.363862
0.10012826500042138,0.0021219253540039062,1602525052.3640182
0.11029268400034198,0.0021219253540039062,1602525052.3742564
0.12053804500010301,0.0021219253540039062,1602525052.384503
0.13078526299977966,0.0021219253540039062,1602525052.394744
0.1410245719998784,0.0021219253540039062,1602525052.404967
0.15124641900001734,0.0021219253540039062,1602525052.4151893
0.16147353799988196,0.0021219253540039062,1602525052.4254417
0.17174290399998426,0.0021219253540039062,1602525052.4357114
0.1819959510003173,0.0021219253540039062,1602525052.4459584
0.1922418240001207,0.0021219253540039062,1602525052.4562092
0.20249448000049597,0.0021219253540039062,1602525052.466446
0.2127280900003825,0.0021219253540039062,1602525052.4766774
0.2229558779999934,0.0021219253540039062,1602525052.4868982
0.2331835270006195,0.0021219253540039062,1602525052.4971595
0.24344070500046655,0.0021219253540039062,1602525052.507393
0.2536835450000581,0.0021219253540039062,1602525052.5176337
0.2639130670004306,0.0021219253540039062,1602525052.527855
0.2741316649999135,0.0021219253540039062,1602525052.53808
0.28435869599979924,0.0021219253540039062,1602525052.5483012
0.2945800819998112,0.0021219253540039062,1602525052.5585413
0.3048296090000804,0.0021219253540039062,1602525052.5687985
0.3150837630000751,0.0021219253540039062,1602525052.5790637
0.3253476899999441,0.0021219253540039062,1602525052.5893016
0.33558644599997933,0.0021219253540039062,1602525052.5995457
0.3458279060005225,0.0021219253540039062,1602525052.6097813
0.356065091000346,0.0021219253540039062,1602525052.620033
0.36632198999996035,0.0021219253540039062,1602525052.6302786
0.37656451700058824,0.0021219253540039062,1602525052.6405232
0.3868054240001584,0.0021219253540039062,1602525052.6507545
0.39703656599976966,0.0021219253540039062,1602525052.6609926
0.4072931279997647,0.0021219253540039062,1602525052.6712644
0.41755247600031,0.0021219253540039062,1602525052.6815183
0.42780214800040994,0.0021219253540039062,1602525052.6917658
0.4380471929998748,0.0021219253540039062,1602525052.7020226
0.4483059610001874,0.0021219253540039062,1602525052.7122598
0.45853866300058144,0.0021219253540039062,1602525052.7224905
0.468773293000595,0.0014162063598632812,1602525052.732727
0.4790106350001224,0.0033235549926757812,1602525052.742974
0.48925976300051843,0.005726814270019531,1602525052.7532158
0.49950281100063876,0.0018892288208007812,1602525052.7634637
0.5097516610003368,0.005230903625488281,1602525052.7737138
0.5200407379998069,0.0018663406372070312,1602525052.784015
0.530297590000373,0.0018892288208007812,1602525052.794252
0.5405482209998809,0.0018892288208007812,1602525052.8045187
0.550805142000172,0.0016489028930664062,1602525052.814759
0.5610413730000801,0.0016489028930664062,1602525052.8249934
0.571275334999882,0.0009279251098632812,1602525052.8352332
0.5815158619998329,0.0009279251098632812,1602525052.8454666
0.59174572000029,0.0009279251098632812,1602525052.8556983
0.6019793679997747,0.0009279251098632812,1602525052.8659647
0.6122498960003213,0.0009279251098632812,1602525052.876213
0.6225108280004861,0.0009279251098632812,1602525052.8864777
0.6327767530001438,0.0009279251098632812,1602525052.896738
0.6430197680001584,0.0009279251098632812,1602525052.9069798
0.6532632960006595,0.0009279251098632812,1602525052.9172158
0.6634970100003557,0.0009279251098632812,1602525052.927448
0.6737302010005806,0.0009279251098632812,1602525052.937677
0.6839588960001493,0.0009279251098632812,1602525052.9479089
0.6941873810001198,0.0009279251098632812,1602525052.9581382
0.7044503000006443,0.0009279251098632812,1602525052.9684234
0.7147064090004278,0.0009279251098632812,1602525052.9786737
0.7249534970005698,0.0009279251098632812,1602525052.9888902
0.7351940930002456,0.0009279251098632812,1602525052.999181
0.7454728660004548,0.0009279251098632812,1602525053.009442
0.7557255800002167,0.0009279251098632812,1602525053.019682
0.7659843070005081,0.0009279251098632812,1602525053.0299673
0.7762589399999342,0.0009279251098632812,1602525053.040228
0.7865354630002912,0.0009279251098632812,1602525053.0505037
0.7967890820000321,0.0009279251098632812,1602525053.060761
0.8070424450006612,0.0009279251098632812,1602525053.0709946
0.8172753300004842,0.0009279251098632812,1602525053.081216
0.8274928310001997,0.0009279251098632812,1602525053.0914266
0.8377065310005491,0.0009279251098632812,1602525053.1016655
0.8479681389999314,0.0009279251098632812,1602525053.1119454
0.8582376920003298,0.0009279251098632812,1602525053.1221986
0.868485165000493,0.0009279251098632812,1602525053.1324494
0.8787353830002758,0.0009279251098632812,1602525053.1427023
0.8889899960004186,0.0009279251098632812,1602525053.152953
0.8992346750001161,0.0009279251098632812,1602525053.1632009
0.9095149049999236,0.0009279251098632812,1602525053.1734803
0.9198023790004299,0.0009279251098632812,1602525053.183771
0.9300445460003175,0.0009279251098632812,1602525053.194016
0.9403077960005248,0.0009279251098632812,1602525053.2042735
0.9505593680005404,0.0009279251098632812,1602525053.2145212
0.9608162810000067,0.0009279251098632812,1602525053.2247849
0.9710696250003821,0.0009279251098632812,1602525053.235038
0.9813300030000391,0.0009279251098632812,1602525053.2452903
0.9915723129997787,0.0009279251098632812,1602525053.2555306
1.00183299299988,0.0009279251098632812,1602525053.2658348
1.1022155720002047,0.0009279251098632812,1602525053.3662744
1.2026660569999876,0.0009279251098632812,1602525053.4667313
1.3031170439999187,0.0009279251098632812,1602525053.567193
1.4035770500004219,0.0009279251098632812,1602525053.667637
1.5040131169998858,0.0037736892700195312,1602525053.7680264
1.6044015859997671,0.0021677017211914062,1602525053.8684444
1.704832518999865,0.0021677017211914062,1602525053.9688835
1.8052792389999013,0.0021677017211914062,1602525054.0693371
1.905713425000613,0.0021677017211914062,1602525054.1697733
2.0061747400004606,0.0021677017211914062,1602525054.270243
2.1066380950005623,0.0021677017211914062,1602525054.3706982
2.207085318999816,0.0021677017211914062,1602525054.4711509
2.3075488790000236,0.0021677017211914062,1602525054.5716105
2.4080355350006357,0.0021677017211914062,1602525054.672097
2.508486847000313,0.005284309387207031,1602525054.77251
2.6088974940003027,0.0025148391723632812,1602525054.8729577
2.7093665279999186,0.0025148391723632812,1602525054.9734275
2.809826673000316,0.0025148391723632812,1602525055.0739162
2.910326420000274,0.0025148391723632812,1602525055.1743846
3.01078965600027,0.0025148391723632812,1602525055.2748601
3.1112582390005628,0.0025148391723632812,1602525055.375354
3.2117349820000527,0.0025148391723632812,1602525055.4757886
3.3121829860001526,0.0025148391723632812,1602525055.5762572
3.412652678000086,0.0025148391723632812,1602525055.6767092
3.513079714000014,0.006974220275878906,1602525055.7770977
3.6134959830005755,0.0014772415161132812,1602525055.8775516
3.7139375050001036,0.0014772415161132812,1602525055.978016
3.814405175000502,0.0014772415161132812,1602525056.0784717
3.914883180999823,0.0014696121215820312,1602525056.178954
4.0153451180003685,0.0014696121215820312,1602525056.279409
0,0,0
